// Jest Snapshot v1, https://goo.gl/fbAQLP

exports[`ActivityIndicator renders correctly 1`] = `
<svg
  class="za-activity-indicator"
  viewBox="0 0 62 62"
>
  <circle
    class="za-activity-indicator__path"
    cx="31"
    cy="31"
    fill="none"
    r="28.5"
    style="stroke-width:5"
  />
  <circle
    class="za-activity-indicator__line"
    cx="31"
    cy="31"
    fill="none"
    r="28.5"
    style="stroke-dasharray:35.81415625092364 179.0707812546182;stroke-width:5"
  />
</svg>
`;

exports[`ActivityIndicator renders spiiner correctly 1`] = `
<div
  class="za-activity-indicator za-activity-indicator__spinner"
>
  <div />
  <div />
  <div />
  <div />
  <div />
  <div />
  <div />
  <div />
  <div />
  <div />
  <div />
  <div />
</div>
`;
