// Jest Snapshot v1, https://goo.gl/fbAQLP

exports[`Stepper defaultValue 1`] = `
<span
  className="za-stepper za-stepper--radius"
>
  <Button
    block={false}
    className="za-stepper__sub"
    disabled={false}
    ghost={false}
    htmlType="button"
    loading={false}
    onClick={[Function]}
    prefixCls="za-button"
    shape="radius"
    size="xs"
    theme="default"
  >
    <Icon
      type="minus"
    />
  </Button>
  <input
    className="za-stepper__input"
    disabled={false}
    onBlur={[Function]}
    onChange={[Function]}
    type="tel"
    value={2}
  />
  <Button
    block={false}
    className="za-stepper__plus"
    disabled={false}
    ghost={false}
    htmlType="button"
    loading={false}
    onClick={[Function]}
    prefixCls="za-button"
    shape="radius"
    size="xs"
    theme="default"
  >
    <Icon
      type="add"
    />
  </Button>
</span>
`;

exports[`Stepper renders correctly 1`] = `
<span
  class="za-stepper za-stepper--radius"
>
  <button
    aria-disabled="false"
    class="za-button za-stepper__sub za-button--default za-button--xs za-button--radius"
    type="button"
  >
    <span>
      <i
        class="za-icon za-icon-minus za-icon--theme-default"
        prefixcls="za-icon"
        theme="default"
        type="minus"
      >
        <svg
          fill="currentColor"
          height="1em"
          stroke="currentColor"
          viewBox="0 0 30 4"
          width="1em"
        >
          <path
            d="M29.66 2H0"
            fill="none"
            fill-rule="evenodd"
            stroke="currentColor"
            stroke-width="2.6"
          />
        </svg>
      </i>
    </span>
  </button>
  <input
    class="za-stepper__input"
    type="tel"
    value="0"
  />
  <button
    aria-disabled="false"
    class="za-button za-stepper__plus za-button--default za-button--xs za-button--radius"
    type="button"
  >
    <span>
      <i
        class="za-icon za-icon-add za-icon--theme-default"
        prefixcls="za-icon"
        theme="default"
        type="add"
      >
        <svg
          fill="currentColor"
          height="1em"
          stroke="currentColor"
          viewBox="0 0 32 32"
          width="1em"
        >
          <path
            d="M15.59 0v31.18m15.59-15.59H0"
            fill="none"
            fill-rule="evenodd"
            stroke="currentColor"
            stroke-width="2.6"
          />
        </svg>
      </i>
    </span>
  </button>
</span>
`;
