// Jest Snapshot v1, https://goo.gl/fbAQLP

exports[`DateSelect DateSelect year 1`] = `
<div
  class="za-select-input"
/>
`;
