// Jest Snapshot v1, https://goo.gl/fbAQLP

exports[`Marquee renders correctly 1`] = `
<div>
  <div
    class="za-marquee"
    style="height:150px;width:100%"
  >
    <div
      class="za-marquee-body"
    >
      <div
        class="za-marquee-content"
      >
        测试我在滚动
      </div>
    </div>
  </div>
</div>
`;
