// Jest Snapshot v1, https://goo.gl/fbAQLP

exports[`Popover renders correctly 1`] = `
<span>
  foo
</span>
`;

exports[`Popover visible 1`] = `
<Popover
  message="hello"
  prefixCls="za-popover"
  visible={true}
>
  <span>
    foo
  </span>
</Popover>
`;
