// Jest Snapshot v1, https://goo.gl/fbAQLP

exports[`KeyboardPicker renders correctly 1`] = `
<KeyboardPicker
  prefixCls="za-keyboard"
  type="number"
>
  <Popup
    mask={false}
    visible={false}
  />
</KeyboardPicker>
`;
