// Jest Snapshot v1, https://goo.gl/fbAQLP

exports[`Tooltip renders correctly 1`] = `
<Tooltip
  direction="top"
  hasArrow={true}
  onVisibleChange={[Function]}
  prefixCls="za-tooltip"
  title="hello"
  trigger="hover"
>
  <Popper
    content=""
    direction="top"
    hasArrow={true}
    mouseEnterDelay={100}
    mouseLeaveDelay={100}
    onVisibleChange={[Function]}
    prefixCls="za-tooltip"
    title="hello"
    trigger="hover"
    visible={false}
  >
    <div
      className="za-tooltip"
    >
      <div
        className="za-tooltip__inner"
        onMouseLeave={[Function]}
        onMouseOver={[Function]}
      >
        <span>
          foo
        </span>
      </div>
    </div>
  </Popper>
</Tooltip>
`;
