// Jest Snapshot v1, https://goo.gl/fbAQLP

exports[`Confirm renders correctly 1`] = `
<div
  class="za-loading za-loading--open"
>
  <div
    class="za-loading__container"
  >
    <span
      class="za-activity-indicator za-activity-indicator--lg za-activity-indicator__circular--loading"
    >
      <svg
        class="za-activity-indicator__circular"
        viewBox="31, 31 62 62"
      >
        <circle
          cx="62"
          cy="62"
          fill="none"
          r="28.5"
          style="stroke-width:5"
        />
      </svg>
    </span>
  </div>
</div>
`;
