// Jest Snapshot v1, https://goo.gl/fbAQLP

exports[`PickerView PickerView render visible 1`] = `
<div
  class="za-picker-view"
>
  <div
    class="za-picker-view__content"
  >
    <div
      class="za-wheel"
    >
      <div
        class="za-wheel__content"
      >
        <div
          class="za-wheel__item za-wheel__item--selected"
        >
          选项一
        </div>
        <div
          class="za-wheel__item"
        >
          选项二
        </div>
      </div>
    </div>
  </div>
  <div
    class="za-picker-view__mask za-picker-view__mask--top"
  />
  <div
    class="za-picker-view__mask za-picker-view__mask--bottom"
  />
</div>
`;
