// Jest Snapshot v1, https://goo.gl/fbAQLP

exports[`Popup renders correctly 1`] = `
<Popup
  afterClose={[MockFunction]}
  destroy={true}
  direction="bottom"
  disableBodyScroll={true}
  onMaskClick={[MockFunction]}
/>
`;
