// Jest Snapshot v1, https://goo.gl/fbAQLP

exports[`LocaleProvider renders correctly 1`] = `null`;
